// Jest Snapshot v1, https://goo.gl/fbAQLP

exports[`Card Component Should render with dataProps from api 1`] = `
<div>
  <div
    className="undefined w-full"
  >
    <img
      alt="Tribute to Seventeen"
      className="w-full h-20 md:h-48 xl:h-96"
      src="https://kitabisa-userupload-01.s3-ap-southeast-1.amazonaws.com/_production/campaign/97347/31_97347_1545999748_841841_f.png"
    />
  </div>
  <div
    className="flex flex-col p-1 md:p-2 xl:p-3"
  >
    <div
      className="text-[10px] md:text-lg xl:text-2xl font-semibold my-1 xl:my-2 2xl:my-3"
    >
      Tribute to S...
    </div>
    <div
      className="bg-gray-200 h-[4px] md:h-2 xl:h-3 w-full mb-1 xl:mb-2 rounded-md overflow-hidden"
    >
      <div
        className="bg-gray-200 h-[4px] md:h-2 xl:h-3"
        style={
          Object {
            "width": "100%",
          }
        }
      />
    </div>
    <div
      className="flex flex-col"
    >
      <div
        className="flex justify-between"
      >
        <div
          className="text-[6px] md:text-base xl:text-lg font-semibold"
        >
          Terkumpul
        </div>
        <div
          className="text-[6px] md:text-base xl:text-lg font-semibold"
        >
          Sisa hari
        </div>
      </div>
      <div
        className="flex justify-between"
      >
        <div
          className="text-[6px] md:text-base xl:text-lg font-semibold"
        >
          Rp50.000
        </div>
        <div
          className="text-[6px] md:text-base xl:text-lg font-semibold"
        >
          0
        </div>
      </div>
    </div>
  </div>
</div>
`;

exports[`Card Component Should render with multiple data 1`] = `
<div>
  <div
    className="undefined w-full"
  >
    <img
      alt="Tribute to Seventeen"
      className="w-full h-20 md:h-48 xl:h-96"
      src="https://kitabisa-userupload-01.s3-ap-southeast-1.amazonaws.com/_production/campaign/97347/31_97347_1545999748_841841_f.png"
    />
  </div>
  <div
    className="flex flex-col p-1 md:p-2 xl:p-3"
  >
    <div
      className="text-[10px] md:text-lg xl:text-2xl font-semibold my-1 xl:my-2 2xl:my-3"
    >
      Tribute to S...
    </div>
    <div
      className="bg-gray-200 h-[4px] md:h-2 xl:h-3 w-full mb-1 xl:mb-2 rounded-md overflow-hidden"
    >
      <div
        className="bg-gray-200 h-[4px] md:h-2 xl:h-3"
        style={
          Object {
            "width": "100%",
          }
        }
      />
    </div>
    <div
      className="flex flex-col"
    >
      <div
        className="flex justify-between"
      >
        <div
          className="text-[6px] md:text-base xl:text-lg font-semibold"
        >
          Terkumpul
        </div>
        <div
          className="text-[6px] md:text-base xl:text-lg font-semibold"
        >
          Sisa hari
        </div>
      </div>
      <div
        className="flex justify-between"
      >
        <div
          className="text-[6px] md:text-base xl:text-lg font-semibold"
        >
          Rp50.000
        </div>
        <div
          className="text-[6px] md:text-base xl:text-lg font-semibold"
        >
          0
        </div>
      </div>
    </div>
  </div>
</div>
`;

exports[`Card Component Should render with multiple data 2`] = `
<div>
  <div
    className="undefined w-full"
  >
    <img
      alt="Tribute to Seventeen"
      className="w-full h-20 md:h-48 xl:h-96"
      src="https://kitabisa-userupload-01.s3-ap-southeast-1.amazonaws.com/_production/campaign/97347/31_97347_1545999748_841841_f.png"
    />
  </div>
  <div
    className="flex flex-col p-1 md:p-2 xl:p-3"
  >
    <div
      className="text-[10px] md:text-lg xl:text-2xl font-semibold my-1 xl:my-2 2xl:my-3"
    >
      Tribute to S...
    </div>
    <div
      className="bg-gray-200 h-[4px] md:h-2 xl:h-3 w-full mb-1 xl:mb-2 rounded-md overflow-hidden"
    >
      <div
        className="bg-gray-200 h-[4px] md:h-2 xl:h-3"
        style={
          Object {
            "width": "100%",
          }
        }
      />
    </div>
    <div
      className="flex flex-col"
    >
      <div
        className="flex justify-between"
      >
        <div
          className="text-[6px] md:text-base xl:text-lg font-semibold"
        >
          Terkumpul
        </div>
        <div
          className="text-[6px] md:text-base xl:text-lg font-semibold"
        >
          Sisa hari
        </div>
      </div>
      <div
        className="flex justify-between"
      >
        <div
          className="text-[6px] md:text-base xl:text-lg font-semibold"
        >
          Rp50.000
        </div>
        <div
          className="text-[6px] md:text-base xl:text-lg font-semibold"
        >
          0
        </div>
      </div>
    </div>
  </div>
</div>
`;

exports[`Card Component Should render with no dataProps from api 1`] = `
<div>
  No Data
</div>
`;
